Baking 716 with Coach Ray, workers=10, force=False
wrote /workspace/day4-speak/audio/basic_a__unit01__05__five.mp3 (15045 bytes)
wrote /workspace/day4-speak/audio/basic_a__unit01__01__one.mp3 (15881 bytes)
wrote /workspace/day4-speak/audio/basic_a__unit01__02__two.mp3 (12955 bytes)
wrote /workspace/day4-speak/audio/basic_a__unit01__07__seven.mp3 (14209 bytes)
wrote /workspace/day4-speak/audio/basic_a__unit01__04__four.mp3 (11283 bytes)
wrote /workspace/day4-speak/audio/basic_a__unit01__06__six.mp3 (16717 bytes)
wrote /workspace/day4-speak/audio/basic_a__unit01__03__three.mp3 (12955 bytes)
wrote /workspace/day4-speak/audio/basic_a__unit01__10__ten.mp3 (14209 bytes)
wrote /workspace/day4-speak/audio/basic_a__unit01__08__eight.mp3 (73977 bytes)
wrote /workspace/day4-speak/audio/basic_a__unit01__09__nine.mp3 (119117 bytes)
wrote /workspace/day4-speak/audio/basic_a__unit02__01__hello_mr_cat.mp3 (29256 bytes)
wrote /workspace/day4-speak/audio/basic_a__unit02__02__hello_mr_dog.mp3 (30092 bytes)
wrote /workspace/day4-speak/audio/basic_a__unit02__03__hello_mr_cow.mp3 (31346 bytes)
wrote /workspace/day4-speak/audio/basic_a__unit02__06__hello_ms_goat.mp3 (22568 bytes)
wrote /workspace/day4-speak/audio/basic_a__unit02__04__hello_mr_horse.mp3 (37615 bytes)
wrote /workspace/day4-speak/audio/basic_a__unit02__05__hello_ms_chicken.mp3 (29256 bytes)
wrote /workspace/day4-speak/audio/basic_a__unit02__07__hello_ms_pig.mp3 (31346 bytes)
wrote /workspace/day4-speak/audio/basic_a__unit02__08__hello_mrs_sheep.mp3 (32181 bytes)
wrote /workspace/day4-speak/audio/basic_a__unit02__09__hello_mrs_duck.mp3 (29256 bytes)
wrote /workspace/day4-speak/audio/basic_a__unit02__10__hello_mrs_spider.mp3 (40541 bytes)
wrote /workspace/day4-speak/audio/basic_a__unit03__01__unplug_your_headset.mp3 (27166 bytes)
wrote /workspace/day4-speak/audio/basic_a__unit03__02__scroll_down.mp3 (20897 bytes)
wrote /workspace/day4-speak/audio/basic_a__unit03__03__type_your_id.mp3 (26330 bytes)
wrote /workspace/day4-speak/audio/basic_a__unit03__05__left_click.mp3 (20479 bytes)
wrote /workspace/day4-speak/audio/basic_a__unit03__04__make_a_new_tab.mp3 (21732 bytes)
progress 25/716 ok=25 skip=0 fail=0 0.18/s eta=64.3m
wrote /workspace/day4-speak/audio/basic_a__unit03__06__right_click.mp3 (19643 bytes)
wrote /workspace/day4-speak/audio/basic_a__unit03__07__double_click.mp3 (18807 bytes)
wrote /workspace/day4-speak/audio/basic_a__unit03__08__don_t_click_on_x.mp3 (40959 bytes)
wrote /workspace/day4-speak/audio/basic_a__unit03__09__restart_your_computer.mp3 (27584 bytes)
wrote /workspace/day4-speak/audio/basic_a__unit04__01__good_afternoon.mp3 (22568 bytes)
wrote /workspace/day4-speak/audio/basic_a__unit04__04__pardon.mp3 (11283 bytes)
wrote /workspace/day4-speak/audio/basic_a__unit04__03__sorry.mp3 (14209 bytes)
wrote /workspace/day4-speak/audio/basic_a__unit04__07__wait.mp3 (12955 bytes)
wrote /workspace/day4-speak/audio/basic_a__unit04__02__see_you_tomorrow.mp3 (19643 bytes)
wrote /workspace/day4-speak/audio/basic_a__unit04__06__quiet.mp3 (14209 bytes)
wrote /workspace/day4-speak/audio/basic_a__unit04__05__help_me_please.mp3 (29256 bytes)
wrote /workspace/day4-speak/audio/basic_a__unit05__01__this_is_my_mom.mp3 (24658 bytes)
wrote /workspace/day4-speak/audio/basic_a__unit05__02__this_is_my_dad.mp3 (24658 bytes)
wrote /workspace/day4-speak/audio/basic_a__unit05__03__this_is_my_sister.mp3 (34271 bytes)
wrote /workspace/day4-speak/audio/basic_a__unit05__04__this_is_my_brother.mp3 (21732 bytes)
wrote /workspace/day4-speak/audio/basic_a__unit05__05__this_is_my_uncle.mp3 (24658 bytes)
wrote /workspace/day4-speak/audio/basic_a__unit05__06__this_is_my_aunt.mp3 (27166 bytes)
wrote /workspace/day4-speak/audio/basic_a__unit05__07__this_is_my_grandmother.mp3 (27166 bytes)
wrote /workspace/day4-speak/audio/basic_a__unit05__08__this_is_my_cousin.mp3 (25494 bytes)
wrote /workspace/day4-speak/audio/basic_a__unit05__09__this_is_my_nephew.mp3 (25494 bytes)
wrote /workspace/day4-speak/audio/basic_a__unit05__10__this_is_my_grandson.mp3 (26330 bytes)
wrote /workspace/day4-speak/audio/basic_a__unit06__01__it_is_a_desk.mp3 (19643 bytes)
wrote /workspace/day4-speak/audio/basic_a__unit06__02__it_is_a_gym_ball.mp3 (26330 bytes)
wrote /workspace/day4-speak/audio/basic_a__unit06__03__it_is_a_mouse.mp3 (19643 bytes)
wrote /workspace/day4-speak/audio/basic_a__unit06__04__it_is_a_keyboard.mp3 (24658 bytes)
progress 50/716 ok=50 skip=0 fail=0 0.21/s eta=54.1m
wrote /workspace/day4-speak/audio/basic_a__unit06__05__it_is_a_monitor.mp3 (21732 bytes)
wrote /workspace/day4-speak/audio/basic_a__unit06__08__it_is_a_clipboard.mp3 (24240 bytes)
wrote /workspace/day4-speak/audio/basic_a__unit06__09__it_is_a_pen.mp3 (19643 bytes)
wrote /workspace/day4-speak/audio/basic_a__unit06__07__it_is_a_cube.mp3 (25494 bytes)
wrote /workspace/day4-speak/audio/basic_a__unit06__06__it_is_a_headset.mp3 (42630 bytes)
wrote /workspace/day4-speak/audio/basic_a__unit07__01__i_can_dance.mp3 (19643 bytes)
wrote /workspace/day4-speak/audio/basic_a__unit06__10__it_is_a_book.mp3 (40959 bytes)
wrote /workspace/day4-speak/audio/basic_a__unit07__02__i_can_run_fast.mp3 (24240 bytes)
wrote /workspace/day4-speak/audio/basic_a__unit07__03__i_can_sing.mp3 (25494 bytes)
wrote /workspace/day4-speak/audio/basic_a__unit07__04__i_can_do_taekwondo.mp3 (27166 bytes)
wrote /workspace/day4-speak/audio/basic_a__unit07__05__i_can_play_the_piano.mp3 (34271 bytes)
wrote /workspace/day4-speak/audio/basic_a__unit07__06__i_can_draw.mp3 (16717 bytes)
wrote /workspace/day4-speak/audio/basic_a__unit07__09__i_can_study.mp3 (17971 bytes)
wrote /workspace/day4-speak/audio/basic_a__unit07__08__i_can_do_magic.mp3 (27166 bytes)
wrote /workspace/day4-speak/audio/basic_a__unit07__07__i_can_speak_chinese.mp3 (30092 bytes)
wrote /workspace/day4-speak/audio/basic_a__unit07__10__i_can_eat.mp3 (19643 bytes)
wrote /workspace/day4-speak/audio/basic_a__unit08__01__one_hundred.mp3 (16717 bytes)
wrote /workspace/day4-speak/audio/basic_a__unit08__02__ninety_nine.mp3 (19643 bytes)
wrote /workspace/day4-speak/audio/basic_a__unit08__03__ninety_seven.mp3 (19643 bytes)
wrote /workspace/day4-speak/audio/basic_a__unit08__04__fifty_five.mp3 (19643 bytes)
wrote /workspace/day4-speak/audio/basic_a__unit08__06__twenty_two.mp3 (15881 bytes)
wrote /workspace/day4-speak/audio/basic_a__unit08__07__fifteen.mp3 (19643 bytes)
wrote /workspace/day4-speak/audio/basic_a__unit08__05__thirty_three.mp3 (25494 bytes)
wrote /workspace/day4-speak/audio/basic_a__unit08__10__eleven.mp3 (15881 bytes)
wrote /workspace/day4-speak/audio/basic_a__unit08__09__twelve.mp3 (16717 bytes)
progress 75/716 ok=75 skip=0 fail=0 0.18/s eta=57.8m
wrote /workspace/day4-speak/audio/basic_b__unit01__01__i_am_happy.mp3 (18807 bytes)
wrote /workspace/day4-speak/audio/basic_b__unit01__02__i_am_sad.mp3 (23404 bytes)
wrote /workspace/day4-speak/audio/basic_b__unit01__03__i_am_angry.mp3 (21732 bytes)
wrote /workspace/day4-speak/audio/basic_a__unit08__08__thirteen.mp3 (17971 bytes)
wrote /workspace/day4-speak/audio/basic_b__unit01__04__i_am_hungry.mp3 (20897 bytes)
wrote /workspace/day4-speak/audio/basic_b__unit01__05__i_am_tired.mp3 (18807 bytes)
wrote /workspace/day4-speak/audio/basic_b__unit01__06__i_am_bored.mp3 (17971 bytes)
wrote /workspace/day4-speak/audio/basic_b__unit01__07__i_am_scared.mp3 (24658 bytes)
wrote /workspace/day4-speak/audio/basic_b__unit01__08__i_am_sick.mp3 (20479 bytes)
wrote /workspace/day4-speak/audio/basic_b__unit01__09__i_am_worried.mp3 (20897 bytes)
wrote /workspace/day4-speak/audio/basic_b__unit01__10__i_am_sleepy.mp3 (21732 bytes)
wrote /workspace/day4-speak/audio/basic_b__unit02__03__i_like_fruit.mp3 (20897 bytes)
wrote /workspace/day4-speak/audio/basic_b__unit02__02__i_like_meat.mp3 (21732 bytes)
wrote /workspace/day4-speak/audio/basic_b__unit02__04__i_like_games.mp3 (24658 bytes)
wrote /workspace/day4-speak/audio/basic_b__unit02__01__i_like_noodles.mp3 (137925 bytes)
wrote /workspace/day4-speak/audio/basic_b__unit02__05__i_like_school.mp3 (21732 bytes)
wrote /workspace/day4-speak/audio/basic_b__unit02__06__i_like_exercise.mp3 (27584 bytes)
wrote /workspace/day4-speak/audio/basic_b__unit02__08__i_like_music.mp3 (20479 bytes)
wrote /workspace/day4-speak/audio/basic_b__unit02__07__i_like_movies.mp3 (23404 bytes)
wrote /workspace/day4-speak/audio/basic_b__unit02__09__i_like_you.mp3 (18807 bytes)
wrote /workspace/day4-speak/audio/basic_b__unit03__01__again.mp3 (14209 bytes)
wrote /workspace/day4-speak/audio/basic_b__unit02__10__i_like_apples.mp3 (23404 bytes)
wrote /workspace/day4-speak/audio/basic_b__unit03__02__recycle_this.mp3 (21732 bytes)
wrote /workspace/day4-speak/audio/basic_b__unit03__03__trash_this.mp3 (18807 bytes)
wrote /workspace/day4-speak/audio/basic_b__unit03__04__don_t_do_that.mp3 (21732 bytes)
progress 100/716 ok=100 skip=0 fail=0 0.19/s eta=53.3m
wrote /workspace/day4-speak/audio/basic_b__unit03__05__thank_you.mp3 (14209 bytes)
wrote /workspace/day4-speak/audio/basic_b__unit03__06__excuse_me.mp3 (21732 bytes)
wrote /workspace/day4-speak/audio/basic_b__unit03__08__i_do_not_know.mp3 (19643 bytes)
wrote /workspace/day4-speak/audio/basic_b__unit03__07__i_do_not_understand.mp3 (30928 bytes)
wrote /workspace/day4-speak/audio/basic_b__unit03__09__help_me_please.mp3 (23404 bytes)
wrote /workspace/day4-speak/audio/basic_b__unit03__10__quiet.mp3 (38033 bytes)
wrote /workspace/day4-speak/audio/basic_b__unit04__02__paper_wins.mp3 (20897 bytes)
wrote /workspace/day4-speak/audio/basic_b__unit04__01__rock_wins.mp3 (27584 bytes)
wrote /workspace/day4-speak/audio/basic_b__unit04__03__scissors_wins.mp3 (23404 bytes)
wrote /workspace/day4-speak/audio/basic_b__unit04__04__rock_wins.mp3 (215666 bytes)
wrote /workspace/day4-speak/audio/basic_b__unit04__05__paper_wins.mp3 (27166 bytes)
wrote /workspace/day4-speak/audio/basic_b__unit04__07__rock_wins.mp3 (23404 bytes)
wrote /workspace/day4-speak/audio/basic_b__unit04__06__scissors_wins.mp3 (25494 bytes)
wrote /workspace/day4-speak/audio/basic_b__unit04__08__paper_wins.mp3 (20897 bytes)
wrote /workspace/day4-speak/audio/basic_b__unit04__09__scissors_wins.mp3 (23404 bytes)
wrote /workspace/day4-speak/audio/basic_b__unit05__01__it_is_a_book.mp3 (17553 bytes)
wrote /workspace/day4-speak/audio/basic_b__unit05__03__it_was_a_sock.mp3 (19643 bytes)
wrote /workspace/day4-speak/audio/basic_b__unit05__02__it_was_a_phone_charger.mp3 (25494 bytes)
wrote /workspace/day4-speak/audio/basic_b__unit04__10__rock_wins.mp3 (39705 bytes)
wrote /workspace/day4-speak/audio/basic_b__unit05__04__it_is_a_toy.mp3 (21732 bytes)
wrote /workspace/day4-speak/audio/basic_b__unit05__05__it_is_underwear.mp3 (30092 bytes)
wrote /workspace/day4-speak/audio/basic_b__unit05__06__it_was_a_toothbrush.mp3 (24658 bytes)
wrote /workspace/day4-speak/audio/basic_b__unit05__07__it_is_a_night_light.mp3 (24240 bytes)
wrote /workspace/day4-speak/audio/basic_b__unit05__08__it_was_a_teddy_bear.mp3 (27584 bytes)
wrote /workspace/day4-speak/audio/basic_b__unit05__09__it_was_an_apple.mp3 (20897 bytes)
progress 125/716 ok=125 skip=0 fail=0 0.19/s eta=50.8m
wrote /workspace/day4-speak/audio/basic_b__unit05__10__it_is_a_bag.mp3 (21732 bytes)
wrote /workspace/day4-speak/audio/basic_b__unit06__03__this_is_my_mouth.mp3 (21732 bytes)
wrote /workspace/day4-speak/audio/basic_b__unit06__02__this_is_my_nose.mp3 (27584 bytes)
wrote /workspace/day4-speak/audio/basic_b__unit06__01__this_is_my_head.mp3 (35107 bytes)
wrote /workspace/day4-speak/audio/basic_b__unit06__04__this_is_my_ear.mp3 (27166 bytes)
wrote /workspace/day4-speak/audio/basic_b__unit06__05__this_is_my_eye.mp3 (27166 bytes)
wrote /workspace/day4-speak/audio/basic_b__unit06__06__this_is_my_neck.mp3 (26330 bytes)
wrote /workspace/day4-speak/audio/basic_b__unit06__07__this_is_my_body.mp3 (28420 bytes)
wrote /workspace/day4-speak/audio/basic_b__unit06__09__this_is_my_hand.mp3 (26330 bytes)
wrote /workspace/day4-speak/audio/basic_b__unit06__08__this_is_my_chin.mp3 (33853 bytes)
wrote /workspace/day4-speak/audio/basic_b__unit06__10__this_is_my_shoulder.mp3 (36779 bytes)
wrote /workspace/day4-speak/audio/basic_b__unit07__01__it_is_white.mp3 (18807 bytes)
wrote /workspace/day4-speak/audio/basic_b__unit07__02__it_is_black.mp3 (18807 bytes)
wrote /workspace/day4-speak/audio/basic_b__unit07__03__it_is_brown.mp3 (21732 bytes)
wrote /workspace/day4-speak/audio/basic_b__unit07__04__it_is_red.mp3 (19643 bytes)
wrote /workspace/day4-speak/audio/basic_b__unit07__05__it_is_orange.mp3 (23404 bytes)
wrote /workspace/day4-speak/audio/basic_b__unit07__06__it_is_yellow.mp3 (17553 bytes)
wrote /workspace/day4-speak/audio/basic_b__unit07__07__it_is_green.mp3 (21732 bytes)
wrote /workspace/day4-speak/audio/basic_b__unit07__08__it_is_blue.mp3 (17553 bytes)
wrote /workspace/day4-speak/audio/basic_b__unit07__09__it_is_purple.mp3 (18807 bytes)
wrote /workspace/day4-speak/audio/basic_b__unit07__10__it_is_a_rainbow.mp3 (24658 bytes)
wrote /workspace/day4-speak/audio/basic_b__unit08__02__i_am_ten_years_old.mp3 (30928 bytes)
wrote /workspace/day4-speak/audio/basic_b__unit08__01__i_am_seven_years_old.mp3 (37615 bytes)
wrote /workspace/day4-speak/audio/basic_b__unit08__03__i_am_fourteen_years_old.mp3 (50990 bytes)
wrote /workspace/day4-speak/audio/basic_b__unit08__04__i_am_seventeen_years_old.mp3 (35107 bytes)
progress 150/716 ok=150 skip=0 fail=0 0.22/s eta=42.8m
wrote /workspace/day4-speak/audio/basic_b__unit08__05__i_am_twenty_two_years_old.mp3 (37615 bytes)
wrote /workspace/day4-speak/audio/basic_b__unit08__06__i_am_twenty_five_years_old.mp3 (28420 bytes)
wrote /workspace/day4-speak/audio/basic_b__unit08__07__i_am_thirty_three_years_old.mp3 (31346 bytes)
wrote /workspace/day4-speak/audio/basic_b__unit08__08__i_am_sixty_six_years_old.mp3 (36779 bytes)
wrote /workspace/day4-speak/audio/basic_b__unit08__09__i_am_one_year_old.mp3 (25494 bytes)
wrote /workspace/day4-speak/audio/basic_c__unit01__01__i_love_my_dog_zoey.mp3 (33853 bytes)
wrote /workspace/day4-speak/audio/basic_c__unit01__02__i_love_my_cat_leo.mp3 (30928 bytes)
wrote /workspace/day4-speak/audio/basic_b__unit08__10__i_am_one_hundred_years_old.mp3 (48482 bytes)
wrote /workspace/day4-speak/audio/basic_c__unit01__03__i_love_my_bird_sarah.mp3 (31346 bytes)
wrote /workspace/day4-speak/audio/basic_c__unit01__04__i_love_my_rabbit_sam.mp3 (32181 bytes)
wrote /workspace/day4-speak/audio/basic_c__unit01__05__i_love_my_hamster_fluffy.mp3 (32181 bytes)
wrote /workspace/day4-speak/audio/basic_c__unit01__07__i_love_my_beetle_bob.mp3 (29256 bytes)
wrote /workspace/day4-speak/audio/basic_c__unit01__06__i_love_my_fish_nimo.mp3 (33853 bytes)
wrote /workspace/day4-speak/audio/basic_c__unit01__08__i_love_my_turtle_tom.mp3 (31346 bytes)
wrote /workspace/day4-speak/audio/basic_c__unit01__09__i_love_my_snake_jessica.mp3 (35943 bytes)
wrote /workspace/day4-speak/audio/basic_c__unit02__01__look_at_my_new_hat.mp3 (24658 bytes)
wrote /workspace/day4-speak/audio/basic_c__unit01__10__i_love_my_squirrel_sandy.mp3 (30928 bytes)
wrote /workspace/day4-speak/audio/basic_c__unit02__02__look_at_my_new_earphones.mp3 (31346 bytes)
wrote /workspace/day4-speak/audio/basic_c__unit02__03__look_at_my_new_shoes.mp3 (27584 bytes)
wrote /workspace/day4-speak/audio/basic_c__unit02__04__look_at_my_new_phone.mp3 (25494 bytes)
wrote /workspace/day4-speak/audio/basic_c__unit02__05__look_at_my_new_coat.mp3 (28420 bytes)
wrote /workspace/day4-speak/audio/basic_c__unit02__08__look_at_my_new_computer.mp3 (26330 bytes)
wrote /workspace/day4-speak/audio/basic_c__unit02__07__look_at_my_new_bag.mp3 (24240 bytes)
wrote /workspace/day4-speak/audio/basic_c__unit02__06__look_at_my_new_watch.mp3 (27166 bytes)
wrote /workspace/day4-speak/audio/basic_c__unit02__09__look_at_my_new_gloves.mp3 (34271 bytes)
progress 175/716 ok=175 skip=0 fail=0 0.25/s eta=36.6m
wrote /workspace/day4-speak/audio/basic_c__unit02__10__look_at_my_new_house.mp3 (25494 bytes)
wrote /workspace/day4-speak/audio/basic_c__unit03__01__see_you_monday.mp3 (19643 bytes)
wrote /workspace/day4-speak/audio/basic_c__unit03__02__may_i_start.mp3 (32181 bytes)
wrote /workspace/day4-speak/audio/basic_c__unit03__03__report.mp3 (15045 bytes)
wrote /workspace/day4-speak/audio/basic_c__unit03__04__spell_cat.mp3 (22568 bytes)
wrote /workspace/day4-speak/audio/basic_c__unit03__05__what_does_cat_mean.mp3 (26330 bytes)
wrote /workspace/day4-speak/audio/basic_c__unit03__06__you_are_welcome.mp3 (24658 bytes)
wrote /workspace/day4-speak/audio/basic_c__unit03__07__please_test_me.mp3 (21732 bytes)
wrote /workspace/day4-speak/audio/basic_c__unit03__08__see_you_tomorrow.mp3 (19643 bytes)
wrote /workspace/day4-speak/audio/basic_c__unit03__09__i_do_not_understand.mp3 (32181 bytes)
wrote /workspace/day4-speak/audio/basic_c__unit03__10__i_do_not_know.mp3 (23404 bytes)
wrote /workspace/day4-speak/audio/basic_c__unit04__01__what_can_we_see_near_seoul.mp3 (29256 bytes)
wrote /workspace/day4-speak/audio/basic_c__unit04__02__what_can_we_see_near_busan.mp3 (35943 bytes)
wrote /workspace/day4-speak/audio/basic_c__unit04__03__what_can_we_see_near_jeju.mp3 (31346 bytes)
wrote /workspace/day4-speak/audio/basic_c__unit04__04__what_can_we_see_near_tongyeong.mp3 (30928 bytes)
wrote /workspace/day4-speak/audio/basic_c__unit04__05__what_can_we_see_near_gongju.mp3 (37615 bytes)
wrote /workspace/day4-speak/audio/basic_c__unit04__06__what_can_we_see_near_andong.mp3 (35107 bytes)
wrote /workspace/day4-speak/audio/basic_c__unit04__07__what_can_we_see_near_suncheon.mp3 (29256 bytes)
wrote /workspace/day4-speak/audio/basic_c__unit04__08__what_can_we_see_near_goseong.mp3 (32181 bytes)
wrote /workspace/day4-speak/audio/basic_c__unit05__01__pig.mp3 (14209 bytes)
wrote /workspace/day4-speak/audio/basic_c__unit04__09__what_can_we_see_near_pyeongchang.mp3 (34271 bytes)
wrote /workspace/day4-speak/audio/basic_c__unit04__10__what_can_we_see_near_jindo.mp3 (29256 bytes)
wrote /workspace/day4-speak/audio/basic_c__unit05__03__cat.mp3 (11283 bytes)
wrote /workspace/day4-speak/audio/basic_c__unit05__02__dog.mp3 (16717 bytes)
wrote /workspace/day4-speak/audio/basic_c__unit05__04__seoul.mp3 (14209 bytes)
progress 200/716 ok=200 skip=0 fail=0 0.27/s eta=31.5m
wrote /workspace/day4-speak/audio/basic_c__unit05__05__tongyeong.mp3 (17553 bytes)
wrote /workspace/day4-speak/audio/basic_c__unit05__06__canada.mp3 (15045 bytes)
wrote /workspace/day4-speak/audio/basic_c__unit05__07__school.mp3 (15881 bytes)
wrote /workspace/day4-speak/audio/basic_c__unit05__08__swing.mp3 (15045 bytes)
wrote /workspace/day4-speak/audio/basic_c__unit05__09__knee.mp3 (14209 bytes)
wrote /workspace/day4-speak/audio/basic_c__unit06__01__don_t_touch_your_arm.mp3 (32181 bytes)
wrote /workspace/day4-speak/audio/basic_c__unit06__02__don_t_touch_your_leg.mp3 (26330 bytes)
wrote /workspace/day4-speak/audio/basic_c__unit05__10__face.mp3 (12955 bytes)
wrote /workspace/day4-speak/audio/basic_c__unit06__03__don_t_touch_your_knee.mp3 (24658 bytes)
wrote /workspace/day4-speak/audio/basic_c__unit06__04__don_t_touch_your_back.mp3 (29256 bytes)
wrote /workspace/day4-speak/audio/basic_c__unit06__05__don_t_touch_your_face.mp3 (27166 bytes)
wrote /workspace/day4-speak/audio/basic_c__unit06__08__don_t_touch_your_toe.mp3 (24658 bytes)
wrote /workspace/day4-speak/audio/basic_c__unit06__07__don_t_touch_your_wrist.mp3 (27166 bytes)
wrote /workspace/day4-speak/audio/basic_c__unit06__09__don_t_touch_your_neck.mp3 (24658 bytes)
wrote /workspace/day4-speak/audio/basic_c__unit06__06__don_t_touch_your_stomach.mp3 (69380 bytes)
wrote /workspace/day4-speak/audio/basic_c__unit06__10__don_t_touch_your_ear.mp3 (25494 bytes)
wrote /workspace/day4-speak/audio/basic_c__unit07__03__where_is_the_merry_go_round.mp3 (30928 bytes)
wrote /workspace/day4-speak/audio/basic_c__unit07__01__where_is_the_slide.mp3 (25494 bytes)
wrote /workspace/day4-speak/audio/basic_c__unit07__02__where_is_the_seesaw.mp3 (27166 bytes)
wrote /workspace/day4-speak/audio/basic_c__unit07__04__where_is_the_swing.mp3 (42630 bytes)
wrote /workspace/day4-speak/audio/basic_c__unit07__05__where_is_the_jungle_gym.mp3 (33853 bytes)
wrote /workspace/day4-speak/audio/basic_c__unit07__08__where_is_the_bumper_car.mp3 (24658 bytes)
wrote /workspace/day4-speak/audio/basic_c__unit07__07__where_is_the_playhouse.mp3 (35107 bytes)
wrote /workspace/day4-speak/audio/basic_c__unit07__06__where_is_the_sandbox.mp3 (42630 bytes)
wrote /workspace/day4-speak/audio/basic_c__unit07__09__where_is_the_maze.mp3 (30092 bytes)
progress 225/716 ok=225 skip=0 fail=0 0.30/s eta=27.5m
wrote /workspace/day4-speak/audio/basic_c__unit07__10__where_is_the_roller_coaster.mp3 (30092 bytes)
wrote /workspace/day4-speak/audio/basic_c__unit08__01__i_want_a_new_doll.mp3 (24658 bytes)
wrote /workspace/day4-speak/audio/basic_c__unit08__02__i_want_a_new_pencil_case.mp3 (30092 bytes)
wrote /workspace/day4-speak/audio/basic_c__unit08__03__i_want_a_new_school_bag.mp3 (33853 bytes)
wrote /workspace/day4-speak/audio/basic_c__unit08__04__i_want_new_earphones.mp3 (33853 bytes)
wrote /workspace/day4-speak/audio/basic_c__unit08__05__i_want_a_new_phone.mp3 (26330 bytes)
wrote /workspace/day4-speak/audio/basic_c__unit08__07__i_want_a_new_bike.mp3 (27166 bytes)
wrote /workspace/day4-speak/audio/basic_c__unit08__08__i_want_a_new_computer.mp3 (29256 bytes)
wrote /workspace/day4-speak/audio/basic_c__unit08__06__i_want_new_clothes.mp3 (30092 bytes)
wrote /workspace/day4-speak/audio/basic_c__unit08__09__i_want_a_new_brother.mp3 (24658 bytes)
wrote /workspace/day4-speak/audio/basic_c__unit08__10__i_want_a_new_house.mp3 (24658 bytes)
wrote /workspace/day4-speak/audio/int2a__unit01__01__it_is_hot.mp3 (15881 bytes)
wrote /workspace/day4-speak/audio/int2a__unit01__03__it_is_stormy.mp3 (18807 bytes)
wrote /workspace/day4-speak/audio/int2a__unit01__02__it_is_snowing.mp3 (57677 bytes)
wrote /workspace/day4-speak/audio/int2a__unit01__04__it_is_humid.mp3 (18807 bytes)
wrote /workspace/day4-speak/audio/int2a__unit01__05__it_is_rainy.mp3 (18807 bytes)
wrote /workspace/day4-speak/audio/int2a__unit01__08__it_is_windy.mp3 (19643 bytes)
wrote /workspace/day4-speak/audio/int2a__unit01__06__it_is_cold.mp3 (20897 bytes)
wrote /workspace/day4-speak/audio/int2a__unit01__07__it_is_foggy.mp3 (20479 bytes)
wrote /workspace/day4-speak/audio/int2a__unit01__09__it_is_hailing.mp3 (22568 bytes)
wrote /workspace/day4-speak/audio/int2a__unit01__10__it_is_sunny.mp3 (17971 bytes)
wrote /workspace/day4-speak/audio/int2a__unit02__01__there_are_snakes.mp3 (24240 bytes)
wrote /workspace/day4-speak/audio/int2a__unit02__02__there_is_water.mp3 (32181 bytes)
wrote /workspace/day4-speak/audio/int2a__unit02__03__there_are_bees.mp3 (25494 bytes)
wrote /workspace/day4-speak/audio/int2a__unit02__04__there_is_food.mp3 (28420 bytes)
progress 250/716 ok=250 skip=0 fail=0 0.32/s eta=24.1m
wrote /workspace/day4-speak/audio/int2a__unit02__05__there_are_ants.mp3 (21732 bytes)
wrote /workspace/day4-speak/audio/int2a__unit02__06__there_is_a_hotel.mp3 (28420 bytes)
wrote /workspace/day4-speak/audio/int2a__unit02__09__there_is_a_teacher.mp3 (22568 bytes)
wrote /workspace/day4-speak/audio/int2a__unit02__08__there_is_a_washroom.mp3 (28420 bytes)
wrote /workspace/day4-speak/audio/int2a__unit02__07__there_are_spiders.mp3 (37615 bytes)
wrote /workspace/day4-speak/audio/int2a__unit02__10__there_is_a_monster.mp3 (24240 bytes)
wrote /workspace/day4-speak/audio/int2a__unit03__01__can_you_speak_chinese.mp3 (27166 bytes)
wrote /workspace/day4-speak/audio/int2a__unit03__02__can_you_speak_japanese.mp3 (30092 bytes)
wrote /workspace/day4-speak/audio/int2a__unit03__03__can_you_speak_french.mp3 (22568 bytes)
wrote /workspace/day4-speak/audio/int2a__unit03__04__can_you_speak_german.mp3 (23404 bytes)
wrote /workspace/day4-speak/audio/int2a__unit03__05__can_you_speak_hindi.mp3 (20897 bytes)
wrote /workspace/day4-speak/audio/int2a__unit03__09__can_you_speak_english.mp3 (20479 bytes)
wrote /workspace/day4-speak/audio/int2a__unit03__10__can_you_speak_russian.mp3 (24658 bytes)
wrote /workspace/day4-speak/audio/int2a__unit04__01__i_want_medicine.mp3 (24240 bytes)
wrote /workspace/day4-speak/audio/int2a__unit03__06__can_you_speak_spanish.mp3 (23404 bytes)
wrote /workspace/day4-speak/audio/int2a__unit03__08__can_you_speak_korean.mp3 (32181 bytes)
wrote /workspace/day4-speak/audio/int2a__unit03__07__can_you_speak_vietnamese.mp3 (27166 bytes)
wrote /workspace/day4-speak/audio/int2a__unit04__02__i_want_a_blanket.mp3 (25494 bytes)
wrote /workspace/day4-speak/audio/int2a__unit04__03__i_want_tissue_paper.mp3 (21732 bytes)
wrote /workspace/day4-speak/audio/int2a__unit04__04__i_want_soup.mp3 (17553 bytes)
wrote /workspace/day4-speak/audio/int2a__unit04__07__i_want_my_phone.mp3 (24240 bytes)
wrote /workspace/day4-speak/audio/int2a__unit04__06__i_want_water.mp3 (17971 bytes)
wrote /workspace/day4-speak/audio/int2a__unit04__05__i_want_juice.mp3 (23404 bytes)
wrote /workspace/day4-speak/audio/int2a__unit04__09__i_want_a_computer.mp3 (21732 bytes)
wrote /workspace/day4-speak/audio/int2a__unit04__10__i_want_a_book.mp3 (19643 bytes)
progress 275/716 ok=275 skip=0 fail=0 0.34/s eta=21.4m
wrote /workspace/day4-speak/audio/int2a__unit04__08__i_want_a_hug.mp3 (42630 bytes)
wrote /workspace/day4-speak/audio/int2a__unit05__01__maybe_it_is_in_the_kitchen.mp3 (33853 bytes)
wrote /workspace/day4-speak/audio/int2a__unit05__02__maybe_it_is_in_the_bathroom.mp3 (36779 bytes)
wrote /workspace/day4-speak/audio/int2a__unit05__03__maybe_it_is_in_the_living_room.mp3 (35943 bytes)
wrote /workspace/day4-speak/audio/int2a__unit05__04__maybe_it_is_in_the_garage.mp3 (32181 bytes)
wrote /workspace/day4-speak/audio/int2a__unit05__05__maybe_it_is_in_the_bedroom.mp3 (35107 bytes)
wrote /workspace/day4-speak/audio/int2a__unit05__06__maybe_it_is_in_the_attic.mp3 (28420 bytes)
wrote /workspace/day4-speak/audio/int2a__unit05__07__maybe_it_is_in_the_basement.mp3 (32181 bytes)
wrote /workspace/day4-speak/audio/int2a__unit05__08__maybe_it_is_in_the_dining_room.mp3 (33017 bytes)
wrote /workspace/day4-speak/audio/int2a__unit06__01__look_at_this_funny_video.mp3 (25494 bytes)
wrote /workspace/day4-speak/audio/int2a__unit05__09__maybe_it_is_in_the_classroom.mp3 (42630 bytes)
wrote /workspace/day4-speak/audio/int2a__unit05__10__maybe_it_is_in_the_lounge.mp3 (42630 bytes)
wrote /workspace/day4-speak/audio/int2a__unit06__03__look_at_this_gross_video.mp3 (28420 bytes)
wrote /workspace/day4-speak/audio/int2a__unit06__04__look_at_this_sad_video.mp3 (30092 bytes)
wrote /workspace/day4-speak/audio/int2a__unit06__02__look_at_this_scary_video.mp3 (30092 bytes)
wrote /workspace/day4-speak/audio/int2a__unit06__05__look_at_this_weird_video.mp3 (30092 bytes)
wrote /workspace/day4-speak/audio/int2a__unit06__07__look_at_this_crazy_video.mp3 (27584 bytes)
wrote /workspace/day4-speak/audio/int2a__unit06__06__look_at_this_exciting_video.mp3 (29256 bytes)
wrote /workspace/day4-speak/audio/int2a__unit06__08__look_at_this_quiet_video.mp3 (30092 bytes)
wrote /workspace/day4-speak/audio/int2a__unit06__09__look_at_this_boring_video.mp3 (32181 bytes)
wrote /workspace/day4-speak/audio/int2a__unit06__10__look_at_this_loud_video.mp3 (32181 bytes)
wrote /workspace/day4-speak/audio/int2a__unit07__03__where_is_the_principal.mp3 (27166 bytes)
wrote /workspace/day4-speak/audio/int2a__unit07__01__where_are_our_classmates.mp3 (31346 bytes)
wrote /workspace/day4-speak/audio/int2a__unit07__02__where_is_our_teacher.mp3 (24658 bytes)
wrote /workspace/day4-speak/audio/int2a__unit07__04__in_korea_students_clean_their_school.mp3 (49318 bytes)
progress 300/716 ok=300 skip=0 fail=0 0.37/s eta=19.0m
wrote /workspace/day4-speak/audio/int2a__unit07__05__where_is_the_librarian.mp3 (30092 bytes)
wrote /workspace/day4-speak/audio/int2a__unit07__07__where_is_the_lunch_lady.mp3 (30092 bytes)
wrote /workspace/day4-speak/audio/int2a__unit07__06__where_is_the_janitor.mp3 (25494 bytes)
wrote /workspace/day4-speak/audio/int2a__unit07__08__where_is_the_secretary.mp3 (27166 bytes)
wrote /workspace/day4-speak/audio/int2a__unit07__10__where_is_the_nurse.mp3 (21732 bytes)
wrote /workspace/day4-speak/audio/int2a__unit07__09__where_is_the_groundskeeper.mp3 (33853 bytes)
wrote /workspace/day4-speak/audio/int2a__unit08__02__i_play_soccer.mp3 (21732 bytes)
wrote /workspace/day4-speak/audio/int2a__unit08__03__i_practice_martial_arts.mp3 (30092 bytes)
wrote /workspace/day4-speak/audio/int2a__unit08__01__i_play_computer_games.mp3 (67708 bytes)
wrote /workspace/day4-speak/audio/int2a__unit08__04__i_go_to_english_class.mp3 (31346 bytes)
wrote /workspace/day4-speak/audio/int2a__unit08__05__i_play_the_piano.mp3 (21732 bytes)
wrote /workspace/day4-speak/audio/int2a__unit08__07__i_just_relax.mp3 (24240 bytes)
wrote /workspace/day4-speak/audio/int2a__unit08__08__i_sing.mp3 (16717 bytes)
wrote /workspace/day4-speak/audio/int2a__unit08__06__i_take_care_of_my_little_brother.mp3 (35107 bytes)
wrote /workspace/day4-speak/audio/int2a__unit08__10__i_ride_a_bike.mp3 (22568 bytes)
wrote /workspace/day4-speak/audio/int2a__unit08__09__i_watch_tv.mp3 (27584 bytes)
wrote /workspace/day4-speak/audio/int2b__unit01__01__it_is_monday.mp3 (19643 bytes)
wrote /workspace/day4-speak/audio/int2b__unit01__02__it_is_tuesday.mp3 (22568 bytes)
wrote /workspace/day4-speak/audio/int2b__unit01__03__it_is_wednesday.mp3 (23404 bytes)
wrote /workspace/day4-speak/audio/int2b__unit01__04__it_is_thursday.mp3 (24240 bytes)
wrote /workspace/day4-speak/audio/int2b__unit01__08__it_is_a_holiday.mp3 (21732 bytes)
wrote /workspace/day4-speak/audio/int2b__unit01__05__it_is_friday.mp3 (24240 bytes)
wrote /workspace/day4-speak/audio/int2b__unit01__10__it_is_a_work_day.mp3 (21732 bytes)
wrote /workspace/day4-speak/audio/int2b__unit01__07__it_is_sunday.mp3 (18807 bytes)
wrote /workspace/day4-speak/audio/int2b__unit01__06__it_is_saturday.mp3 (27584 bytes)
progress 325/716 ok=325 skip=0 fail=0 0.39/s eta=16.9m
wrote /workspace/day4-speak/audio/int2b__unit01__09__it_is_a_school_day.mp3 (24658 bytes)
wrote /workspace/day4-speak/audio/int2b__unit02__01__it_is_seven_thirty.mp3 (25494 bytes)
wrote /workspace/day4-speak/audio/int2b__unit02__02__it_is_breakfast_time.mp3 (27584 bytes)
wrote /workspace/day4-speak/audio/int2b__unit02__03__it_is_eight_o_clock.mp3 (19643 bytes)
wrote /workspace/day4-speak/audio/int2b__unit02__04__it_is_school_time.mp3 (26330 bytes)
wrote /workspace/day4-speak/audio/int2b__unit02__06__it_is_snack_time.mp3 (22568 bytes)
wrote /workspace/day4-speak/audio/int2b__unit02__05__it_is_three_thirty.mp3 (26330 bytes)
wrote /workspace/day4-speak/audio/int2b__unit02__08__it_is_online_class_time.mp3 (38033 bytes)
wrote /workspace/day4-speak/audio/int2b__unit02__10__it_is_recess.mp3 (19643 bytes)
wrote /workspace/day4-speak/audio/int2b__unit02__09__it_is_eleven_a_m.mp3 (39705 bytes)
wrote /workspace/day4-speak/audio/int2b__unit02__07__it_is_ten_a_m.mp3 (32181 bytes)
wrote /workspace/day4-speak/audio/int2b__unit03__01__i_want_to_be_a_pro_gamer.mp3 (32181 bytes)
wrote /workspace/day4-speak/audio/int2b__unit03__02__i_want_to_be_an_actor.mp3 (25494 bytes)
wrote /workspace/day4-speak/audio/int2b__unit03__03__i_want_to_be_a_food_critic.mp3 (31346 bytes)
wrote /workspace/day4-speak/audio/int2b__unit03__04__i_want_to_be_an_english_teacher.mp3 (33017 bytes)
wrote /workspace/day4-speak/audio/int2b__unit03__05__i_want_to_be_a_police_officer.mp3 (32181 bytes)
wrote /workspace/day4-speak/audio/int2b__unit03__06__i_want_to_be_a_scientist.mp3 (30092 bytes)
wrote /workspace/day4-speak/audio/int2b__unit03__07__i_want_to_be_a_doctor.mp3 (27166 bytes)
wrote /workspace/day4-speak/audio/int2b__unit03__08__i_want_to_be_a_judge.mp3 (37615 bytes)
wrote /workspace/day4-speak/audio/int2b__unit04__01__how_much_is_this.mp3 (20897 bytes)
wrote /workspace/day4-speak/audio/int2b__unit03__10__i_want_to_be_a_computer_hacker.mp3 (42630 bytes)
wrote /workspace/day4-speak/audio/int2b__unit03__09__i_want_to_be_the_president.mp3 (27584 bytes)
wrote /workspace/day4-speak/audio/int2b__unit04__02__it_is_about_100_won.mp3 (32181 bytes)
wrote /workspace/day4-speak/audio/int2b__unit04__03__how_much_is_that.mp3 (20479 bytes)
wrote /workspace/day4-speak/audio/int2b__unit04__04__it_is_about_500_won.mp3 (39705 bytes)
progress 350/716 ok=350 skip=0 fail=0 0.40/s eta=15.1m
wrote /workspace/day4-speak/audio/int2b__unit04__07__how_much_are_those.mp3 (24658 bytes)
wrote /workspace/day4-speak/audio/int2b__unit04__05__how_much_are_these.mp3 (25494 bytes)
wrote /workspace/day4-speak/audio/int2b__unit04__06__they_are_about_1000_won.mp3 (39705 bytes)
wrote /workspace/day4-speak/audio/int2b__unit04__08__they_are_about_5000_won.mp3 (44302 bytes)
wrote /workspace/day4-speak/audio/int2b__unit05__01__is_he_smart.mp3 (17553 bytes)
wrote /workspace/day4-speak/audio/int2b__unit04__10__let_s_buy_some_more.mp3 (26330 bytes)
wrote /workspace/day4-speak/audio/int2b__unit04__09__everything_here_is_cheap.mp3 (32181 bytes)
wrote /workspace/day4-speak/audio/int2b__unit05__02__is_he_fat.mp3 (16717 bytes)
wrote /workspace/day4-speak/audio/int2b__unit05__03__is_he_tall.mp3 (17971 bytes)
wrote /workspace/day4-speak/audio/int2b__unit05__04__is_he_short.mp3 (16717 bytes)
wrote /workspace/day4-speak/audio/int2b__unit05__05__is_he_thin.mp3 (17971 bytes)
wrote /workspace/day4-speak/audio/int2b__unit05__06__is_he_old.mp3 (17553 bytes)
wrote /workspace/day4-speak/audio/int2b__unit05__07__is_he_young.mp3 (21732 bytes)
wrote /workspace/day4-speak/audio/int2b__unit05__08__is_he_ugly.mp3 (17553 bytes)
wrote /workspace/day4-speak/audio/int2b__unit05__10__is_he_rich.mp3 (17971 bytes)
wrote /workspace/day4-speak/audio/int2b__unit05__09__is_he_good_looking.mp3 (21732 bytes)
wrote /workspace/day4-speak/audio/int2b__unit06__01__this_is_my_english_teacher.mp3 (30092 bytes)
wrote /workspace/day4-speak/audio/int2b__unit06__02__this_is_my_math_teacher.mp3 (38869 bytes)
wrote /workspace/day4-speak/audio/int2b__unit06__03__this_is_my_science_teacher.mp3 (34271 bytes)
wrote /workspace/day4-speak/audio/int2b__unit06__04__this_is_my_history_teacher.mp3 (29256 bytes)
wrote /workspace/day4-speak/audio/int2b__unit06__05__this_is_my_music_teacher.mp3 (36779 bytes)
wrote /workspace/day4-speak/audio/int2b__unit06__06__this_is_my_art_teacher.mp3 (30092 bytes)
wrote /workspace/day4-speak/audio/int2b__unit06__07__this_is_my_gym_teacher.mp3 (27166 bytes)
wrote /workspace/day4-speak/audio/int2b__unit06__08__this_is_my_korean_teacher.mp3 (30928 bytes)
wrote /workspace/day4-speak/audio/int2b__unit06__09__this_is_my_social_studies_teacher.mp3 (36779 bytes)
progress 375/716 ok=375 skip=0 fail=0 0.42/s eta=13.5m
wrote /workspace/day4-speak/audio/int2b__unit06__10__this_is_my_japanese_teacher.mp3 (35107 bytes)
wrote /workspace/day4-speak/audio/int2b__unit07__01__is_it_in_the_pencil_case.mp3 (27584 bytes)
wrote /workspace/day4-speak/audio/int2b__unit07__02__is_it_on_the_book.mp3 (21732 bytes)
wrote /workspace/day4-speak/audio/int2b__unit07__03__is_it_under_the_desk.mp3 (24658 bytes)
wrote /workspace/day4-speak/audio/int2b__unit07__04__is_it_behind_the_phone.mp3 (27166 bytes)
wrote /workspace/day4-speak/audio/int2b__unit07__05__is_it_in_front_of_the_stairs.mp3 (32181 bytes)
wrote /workspace/day4-speak/audio/int2b__unit07__06__is_it_between_the_shoes.mp3 (32181 bytes)
wrote /workspace/day4-speak/audio/int2b__unit07__07__is_it_next_to_the_bus_stop.mp3 (29256 bytes)
wrote /workspace/day4-speak/audio/int2b__unit07__08__is_it_in_the_pocket.mp3 (21732 bytes)
wrote /workspace/day4-speak/audio/int2b__unit07__09__is_it_across_the_street.mp3 (24240 bytes)
wrote /workspace/day4-speak/audio/int2b__unit07__10__is_it_outside_the_house.mp3 (28420 bytes)
wrote /workspace/day4-speak/audio/int2b__unit08__01__this_is_mine.mp3 (31346 bytes)
wrote /workspace/day4-speak/audio/int2b__unit08__02__it_is_not_yours_it_is_mine.mp3 (66454 bytes)
wrote /workspace/day4-speak/audio/int2b__unit08__03__it_is_not_mine_it_is_ours.mp3 (55169 bytes)
wrote /workspace/day4-speak/audio/int2b__unit08__04__this_is_not_yours_it_is_hers.mp3 (47646 bytes)
wrote /workspace/day4-speak/audio/int2b__unit08__05__these_are_not_yours.mp3 (24658 bytes)
wrote /workspace/day4-speak/audio/int2b__unit08__07__this_is_yours.mp3 (29256 bytes)
wrote /workspace/day4-speak/audio/int2b__unit08__06__they_are_not_theirs_they_are_mine.mp3 (52243 bytes)
wrote /workspace/day4-speak/audio/int2b__unit08__09__what_about_mine.mp3 (21732 bytes)
wrote /workspace/day4-speak/audio/int2b__unit08__08__it_is_not_yours_it_is_his.mp3 (50990 bytes)
wrote /workspace/day4-speak/audio/int2c__unit01__01__i_love_summer_in_tongyeong_city.mp3 (36779 bytes)
wrote /workspace/day4-speak/audio/int2b__unit08__10__this_is_mine_and_this_is_mine_and_this_is_mine.mp3 (67708 bytes)
wrote /workspace/day4-speak/audio/int2c__unit01__03__how_about_you.mp3 (20897 bytes)
wrote /workspace/day4-speak/audio/int2c__unit01__02__we_can_swim_and_visit_many_islands.mp3 (62692 bytes)
wrote /workspace/day4-speak/audio/int2c__unit01__04__i_love_all_four_seasons.mp3 (33853 bytes)
progress 400/716 ok=400 skip=0 fail=0 0.44/s eta=12.0m
wrote /workspace/day4-speak/audio/int2c__unit01__06__we_can_see_beautiful_fall_leaves.mp3 (38033 bytes)
wrote /workspace/day4-speak/audio/int2c__unit01__05__i_love_fall_in_naejangsan_national_park.mp3 (46392 bytes)
wrote /workspace/day4-speak/audio/int2c__unit01__08__we_can_ski_and_skate.mp3 (25494 bytes)
wrote /workspace/day4-speak/audio/int2c__unit01__09__i_love_spring_in_jinhae.mp3 (34271 bytes)
wrote /workspace/day4-speak/audio/int2c__unit01__07__i_love_winter_in_gangwon_province.mp3 (94457 bytes)
wrote /workspace/day4-speak/audio/int2c__unit01__10__we_can_see_cherry_blossoms_everywhere.mp3 (42630 bytes)
wrote /workspace/day4-speak/audio/int2c__unit02__01__i_am_taking_a_picture.mp3 (27166 bytes)
wrote /workspace/day4-speak/audio/int2c__unit02__03__i_am_bowing.mp3 (27584 bytes)
wrote /workspace/day4-speak/audio/int2c__unit02__02__i_am_selling_fruit.mp3 (27584 bytes)
wrote /workspace/day4-speak/audio/int2c__unit02__04__i_am_fishing.mp3 (30092 bytes)
wrote /workspace/day4-speak/audio/int2c__unit02__05__i_am_selling_vegetables.mp3 (30928 bytes)
wrote /workspace/day4-speak/audio/int2c__unit02__06__i_am_playing_go.mp3 (21732 bytes)
wrote /workspace/day4-speak/audio/int2c__unit02__07__i_am_playing_computer_games.mp3 (35943 bytes)
wrote /workspace/day4-speak/audio/int2c__unit02__08__we_are_making_kimchi.mp3 (31346 bytes)
wrote /workspace/day4-speak/audio/int2c__unit02__09__i_am_brushing_my_teeth.mp3 (30092 bytes)
wrote /workspace/day4-speak/audio/int2c__unit02__10__i_am_sleeping.mp3 (20479 bytes)
wrote /workspace/day4-speak/audio/int2c__unit03__01__is_this_yours.mp3 (23404 bytes)
wrote /workspace/day4-speak/audio/int2c__unit03__02__are_those_yours.mp3 (20897 bytes)
wrote /workspace/day4-speak/audio/int2c__unit03__03__whose_candy_is_this.mp3 (27584 bytes)
wrote /workspace/day4-speak/audio/int2c__unit03__04__i_don_t_know.mp3 (16717 bytes)
wrote /workspace/day4-speak/audio/int2c__unit03__05__whose_phone_is_this.mp3 (21732 bytes)
wrote /workspace/day4-speak/audio/int2c__unit03__06__is_this_chair_yours.mp3 (27166 bytes)
wrote /workspace/day4-speak/audio/int2c__unit03__07__whose_garbage_is_this.mp3 (31346 bytes)
wrote /workspace/day4-speak/audio/int2c__unit03__09__whose_book_is_that.mp3 (24658 bytes)
wrote /workspace/day4-speak/audio/int2c__unit03__08__is_this_book_yours.mp3 (27166 bytes)
progress 425/716 ok=425 skip=0 fail=0 0.46/s eta=10.6m
wrote /workspace/day4-speak/audio/int2c__unit03__10__is_this_money_yours.mp3 (37615 bytes)
wrote /workspace/day4-speak/audio/int2c__unit04__01__what_is_your_favorite_animal.mp3 (30928 bytes)
wrote /workspace/day4-speak/audio/int2c__unit04__02__what_is_your_favorite_season.mp3 (28420 bytes)
wrote /workspace/day4-speak/audio/int2c__unit04__03__what_is_your_favorite_fruit.mp3 (25494 bytes)
wrote /workspace/day4-speak/audio/int2c__unit04__04__what_is_your_favorite_game.mp3 (26330 bytes)
wrote /workspace/day4-speak/audio/int2c__unit04__05__what_is_your_favorite_color.mp3 (27166 bytes)
wrote /workspace/day4-speak/audio/int2c__unit04__06__what_is_your_favorite_hobby.mp3 (30092 bytes)
wrote /workspace/day4-speak/audio/int2c__unit04__07__what_is_your_favorite_music.mp3 (33017 bytes)
wrote /workspace/day4-speak/audio/int2c__unit04__09__what_is_your_favorite_sport.mp3 (29256 bytes)
wrote /workspace/day4-speak/audio/int2c__unit04__08__what_is_your_favorite_snack.mp3 (32181 bytes)
wrote /workspace/day4-speak/audio/int2c__unit04__10__what_is_your_favorite_character.mp3 (30928 bytes)
wrote /workspace/day4-speak/audio/int2c__unit05__01__i_am_feeling_confused.mp3 (32181 bytes)
wrote /workspace/day4-speak/audio/int2c__unit05__03__i_am_feeling_jealous.mp3 (24240 bytes)
wrote /workspace/day4-speak/audio/int2c__unit05__02__i_am_feeling_embarrassed.mp3 (28420 bytes)
wrote /workspace/day4-speak/audio/int2c__unit05__04__i_am_feeling_surprised.mp3 (32181 bytes)
wrote /workspace/day4-speak/audio/int2c__unit05__05__i_am_feeling_proud.mp3 (30092 bytes)
wrote /workspace/day4-speak/audio/int2c__unit05__06__i_am_feeling_ignored.mp3 (27584 bytes)
wrote /workspace/day4-speak/audio/int2c__unit05__07__i_am_feeling_fantastic.mp3 (35943 bytes)
wrote /workspace/day4-speak/audio/int2c__unit05__08__i_am_feeling_guilty.mp3 (35107 bytes)
wrote /workspace/day4-speak/audio/int2c__unit05__09__i_am_feeling_nervous.mp3 (36779 bytes)
wrote /workspace/day4-speak/audio/int2c__unit05__10__i_am_feeling_worried.mp3 (26330 bytes)
wrote /workspace/day4-speak/audio/int2c__unit06__01__i_have_a_cold.mp3 (24658 bytes)
wrote /workspace/day4-speak/audio/int2c__unit06__02__my_knee_hurts.mp3 (20897 bytes)
wrote /workspace/day4-speak/audio/int2c__unit06__03__i_have_a_headache.mp3 (21732 bytes)
wrote /workspace/day4-speak/audio/int2c__unit06__05__i_have_a_sore_throat.mp3 (29256 bytes)
progress 450/716 ok=450 skip=0 fail=0 0.47/s eta=9.4m
wrote /workspace/day4-speak/audio/int2c__unit06__06__i_have_a_fever.mp3 (24240 bytes)
wrote /workspace/day4-speak/audio/int2c__unit06__07__i_have_a_stomachache.mp3 (24240 bytes)
wrote /workspace/day4-speak/audio/int2c__unit06__10__i_sprained_my_ankle.mp3 (28420 bytes)
wrote /workspace/day4-speak/audio/int2c__unit06__08__my_tooth_hurts.mp3 (24658 bytes)
wrote /workspace/day4-speak/audio/int2c__unit07__01__hello.mp3 (15881 bytes)
wrote /workspace/day4-speak/audio/int2c__unit06__04__my_back_hurts.mp3 (211486 bytes)
wrote /workspace/day4-speak/audio/int2c__unit06__09__i_have_a_bloody_nose.mp3 (30092 bytes)
wrote /workspace/day4-speak/audio/int2c__unit07__03__who_is_this.mp3 (23404 bytes)
wrote /workspace/day4-speak/audio/int2c__unit07__02__is_beomjun_there.mp3 (24240 bytes)
wrote /workspace/day4-speak/audio/int2c__unit07__04__this_is_mr_jay.mp3 (28420 bytes)
wrote /workspace/day4-speak/audio/int2c__unit07__05__hello_mr_jay.mp3 (21732 bytes)
wrote /workspace/day4-speak/audio/int2c__unit07__06__sorry_he_is_out.mp3 (32181 bytes)
wrote /workspace/day4-speak/audio/int2c__unit07__08__what_is_his_phone_number.mp3 (27166 bytes)
wrote /workspace/day4-speak/audio/int2c__unit08__01__i_ll_miss_you.mp3 (19643 bytes)
wrote /workspace/day4-speak/audio/int2c__unit07__07__please_call_his_friend_taehwan.mp3 (35107 bytes)
wrote /workspace/day4-speak/audio/int2c__unit07__10__okay_thank_you.mp3 (29256 bytes)
wrote /workspace/day4-speak/audio/int2c__unit07__09__his_phone_number_is_010_3457_7543.mp3 (117027 bytes)
wrote /workspace/day4-speak/audio/int2c__unit08__02__take_care.mp3 (15045 bytes)
wrote /workspace/day4-speak/audio/int2c__unit08__03__so_long.mp3 (19643 bytes)
wrote /workspace/day4-speak/audio/int2c__unit08__04__i_am_off.mp3 (16717 bytes)
wrote /workspace/day4-speak/audio/int2c__unit08__05__time_to_say_goodbye.mp3 (29256 bytes)
wrote /workspace/day4-speak/audio/int2c__unit08__06__see_you.mp3 (15881 bytes)
wrote /workspace/day4-speak/audio/int2c__unit08__07__good_luck.mp3 (16717 bytes)
wrote /workspace/day4-speak/audio/int2c__unit08__08__take_it_easy.mp3 (20479 bytes)
wrote /workspace/day4-speak/audio/int2c__unit08__09__have_a_nice_day.mp3 (21732 bytes)
progress 475/716 ok=475 skip=0 fail=0 0.49/s eta=8.2m
wrote /workspace/day4-speak/audio/int2c__unit08__10__i_must_be_going.mp3 (24658 bytes)
wrote /workspace/day4-speak/audio/int3a__unit01__01__i_can_draw_a_circle.mp3 (27584 bytes)
wrote /workspace/day4-speak/audio/int3a__unit01__02__i_can_draw_a_star.mp3 (30092 bytes)
wrote /workspace/day4-speak/audio/int3a__unit01__03__i_can_draw_a_tree.mp3 (24240 bytes)
wrote /workspace/day4-speak/audio/int3a__unit01__04__i_can_draw_poo.mp3 (24658 bytes)
wrote /workspace/day4-speak/audio/int3a__unit01__05__i_can_draw_a_flag.mp3 (26330 bytes)
wrote /workspace/day4-speak/audio/int3a__unit01__06__i_can_draw_korea.mp3 (25494 bytes)
wrote /workspace/day4-speak/audio/int3a__unit01__07__i_can_draw_a_monster.mp3 (42630 bytes)
wrote /workspace/day4-speak/audio/int3a__unit01__08__i_can_draw_an_apple.mp3 (28420 bytes)
wrote /workspace/day4-speak/audio/int3a__unit01__09__i_can_draw_a_hat.mp3 (23404 bytes)
wrote /workspace/day4-speak/audio/int3a__unit01__10__i_can_draw_a_toy.mp3 (24658 bytes)
wrote /workspace/day4-speak/audio/int3a__unit02__01__i_like_vanilla.mp3 (24240 bytes)
wrote /workspace/day4-speak/audio/int3a__unit02__02__i_like_chocolate.mp3 (26330 bytes)
wrote /workspace/day4-speak/audio/int3a__unit02__03__i_like_strawberry.mp3 (21732 bytes)
wrote /workspace/day4-speak/audio/int3a__unit02__04__i_like_melon.mp3 (35107 bytes)
wrote /workspace/day4-speak/audio/int3a__unit02__05__i_like_mint.mp3 (20897 bytes)
wrote /workspace/day4-speak/audio/int3a__unit02__06__i_like_banana.mp3 (20897 bytes)
wrote /workspace/day4-speak/audio/int3a__unit02__08__i_like_milk.mp3 (22568 bytes)
wrote /workspace/day4-speak/audio/int3a__unit02__09__i_like_red_bean.mp3 (29256 bytes)
wrote /workspace/day4-speak/audio/int3a__unit02__07__i_like_lemon.mp3 (23404 bytes)
wrote /workspace/day4-speak/audio/int3a__unit02__10__i_like_cotton_candy.mp3 (34271 bytes)
wrote /workspace/day4-speak/audio/int3a__unit03__01__this_is_good.mp3 (19643 bytes)
wrote /workspace/day4-speak/audio/int3a__unit03__02__that_is_bad.mp3 (24658 bytes)
wrote /workspace/day4-speak/audio/int3a__unit03__03__this_is_cold.mp3 (21732 bytes)
wrote /workspace/day4-speak/audio/int3a__unit03__06__that_is_big.mp3 (21732 bytes)
progress 500/716 ok=500 skip=0 fail=0 0.50/s eta=7.1m
wrote /workspace/day4-speak/audio/int3a__unit03__04__that_is_hot.mp3 (24240 bytes)
wrote /workspace/day4-speak/audio/int3a__unit03__07__this_is_soft.mp3 (32181 bytes)
wrote /workspace/day4-speak/audio/int3a__unit03__08__that_is_hard.mp3 (20479 bytes)
wrote /workspace/day4-speak/audio/int3a__unit03__10__that_is_loud.mp3 (27584 bytes)
wrote /workspace/day4-speak/audio/int3a__unit03__05__this_is_small.mp3 (38033 bytes)
wrote /workspace/day4-speak/audio/int3a__unit03__09__this_is_quiet.mp3 (24658 bytes)
wrote /workspace/day4-speak/audio/int3a__unit04__01__he_is_15_years_old.mp3 (34271 bytes)
wrote /workspace/day4-speak/audio/int3a__unit04__02__she_is_27_years_old.mp3 (38033 bytes)
wrote /workspace/day4-speak/audio/int3a__unit04__03__he_is_5_years_old.mp3 (33853 bytes)
wrote /workspace/day4-speak/audio/int3a__unit04__06__she_is_30_years_old.mp3 (31346 bytes)
wrote /workspace/day4-speak/audio/int3a__unit04__07__he_is_100_years_old.mp3 (35107 bytes)
wrote /workspace/day4-speak/audio/int3a__unit04__08__she_is_39_years_old.mp3 (31346 bytes)
wrote /workspace/day4-speak/audio/int3a__unit04__04__she_is_10_years_old.mp3 (26330 bytes)
wrote /workspace/day4-speak/audio/int3a__unit04__10__she_is_77_years_old.mp3 (32181 bytes)
wrote /workspace/day4-speak/audio/int3a__unit04__09__he_is_1_year_old.mp3 (37615 bytes)
wrote /workspace/day4-speak/audio/int3a__unit04__05__he_is_55_years_old.mp3 (38869 bytes)
wrote /workspace/day4-speak/audio/int3a__unit05__01__it_is_a_moth.mp3 (20897 bytes)
wrote /workspace/day4-speak/audio/int3a__unit05__02__it_is_a_centipede.mp3 (24240 bytes)
wrote /workspace/day4-speak/audio/int3a__unit05__03__it_is_a_mosquito.mp3 (24240 bytes)
wrote /workspace/day4-speak/audio/int3a__unit05__05__it_is_a_spider.mp3 (24240 bytes)
wrote /workspace/day4-speak/audio/int3a__unit05__04__it_is_a_cicada.mp3 (23404 bytes)
wrote /workspace/day4-speak/audio/int3a__unit05__06__it_is_a_cockroach.mp3 (22568 bytes)
wrote /workspace/day4-speak/audio/int3a__unit05__07__it_is_an_ant.mp3 (23404 bytes)
wrote /workspace/day4-speak/audio/int3a__unit05__10__it_is_a_firefly.mp3 (27166 bytes)
wrote /workspace/day4-speak/audio/int3a__unit05__09__it_is_a_butterfly.mp3 (24240 bytes)
progress 525/716 ok=525 skip=0 fail=0 0.52/s eta=6.1m
wrote /workspace/day4-speak/audio/int3a__unit05__08__it_is_a_silkworm.mp3 (23404 bytes)
wrote /workspace/day4-speak/audio/int3a__unit06__01__rose.mp3 (16717 bytes)
wrote /workspace/day4-speak/audio/int3a__unit06__02__iris.mp3 (16717 bytes)
wrote /workspace/day4-speak/audio/int3a__unit06__03__hunter.mp3 (13791 bytes)
wrote /workspace/day4-speak/audio/int3a__unit06__04__ginger.mp3 (15881 bytes)
wrote /workspace/day4-speak/audio/int3a__unit06__05__stingray.mp3 (16717 bytes)
wrote /workspace/day4-speak/audio/int3a__unit06__06__mike.mp3 (12955 bytes)
wrote /workspace/day4-speak/audio/int3a__unit06__07__ivy.mp3 (15045 bytes)
wrote /workspace/day4-speak/audio/int3a__unit06__08__baker.mp3 (13791 bytes)
wrote /workspace/day4-speak/audio/int3a__unit06__09__lily.mp3 (14209 bytes)
wrote /workspace/day4-speak/audio/int3a__unit06__10__violet.mp3 (16717 bytes)
wrote /workspace/day4-speak/audio/int3a__unit07__01__stand_up.mp3 (15881 bytes)
wrote /workspace/day4-speak/audio/int3a__unit07__02__run.mp3 (15045 bytes)
wrote /workspace/day4-speak/audio/int3a__unit07__03__jump_rope.mp3 (19643 bytes)
wrote /workspace/day4-speak/audio/int3a__unit07__04__climb_up.mp3 (15045 bytes)
wrote /workspace/day4-speak/audio/int3a__unit07__06__turn_around.mp3 (20479 bytes)
wrote /workspace/day4-speak/audio/int3a__unit07__07__dance.mp3 (15881 bytes)
wrote /workspace/day4-speak/audio/int3a__unit07__05__clap_three_times.mp3 (27166 bytes)
wrote /workspace/day4-speak/audio/int3a__unit07__08__sit_down.mp3 (17971 bytes)
wrote /workspace/day4-speak/audio/int3a__unit07__09__get_down.mp3 (20479 bytes)
wrote /workspace/day4-speak/audio/int3a__unit07__10__do_jumping_jacks.mp3 (28420 bytes)
wrote /workspace/day4-speak/audio/int3a__unit08__01__i_am_11_years_old.mp3 (35943 bytes)
wrote /workspace/day4-speak/audio/int3a__unit08__02__i_am_18_years_old.mp3 (40959 bytes)
wrote /workspace/day4-speak/audio/int3a__unit08__03__i_can_sing_and_dance.mp3 (42630 bytes)
wrote /workspace/day4-speak/audio/int3a__unit08__04__i_can_draw.mp3 (19643 bytes)
progress 550/716 ok=550 skip=0 fail=0 0.54/s eta=5.2m
wrote /workspace/day4-speak/audio/int3a__unit08__06__i_like_music.mp3 (21732 bytes)
wrote /workspace/day4-speak/audio/int3a__unit08__05__i_really_like_dogs.mp3 (28420 bytes)
wrote /workspace/day4-speak/audio/int3a__unit08__07__where_are_you_from.mp3 (24658 bytes)
wrote /workspace/day4-speak/audio/int3a__unit08__08__i_am_from_seoul.mp3 (25494 bytes)
wrote /workspace/day4-speak/audio/int3a__unit08__09__there_are_six_people_in_my_family.mp3 (40541 bytes)
wrote /workspace/day4-speak/audio/int3a__unit08__10__what_school_do_you_go_to.mp3 (28420 bytes)
wrote /workspace/day4-speak/audio/int3b__unit01__01__i_am_in_kindergarten.mp3 (27166 bytes)
wrote /workspace/day4-speak/audio/int3b__unit01__03__i_am_in_second_grade.mp3 (27166 bytes)
wrote /workspace/day4-speak/audio/int3b__unit01__02__i_am_in_first_grade.mp3 (29256 bytes)
wrote /workspace/day4-speak/audio/int3b__unit01__04__i_am_in_third_grade.mp3 (30092 bytes)
wrote /workspace/day4-speak/audio/int3b__unit01__05__i_am_in_fourth_grade.mp3 (25494 bytes)
wrote /workspace/day4-speak/audio/int3b__unit01__06__i_am_in_fifth_grade.mp3 (27584 bytes)
wrote /workspace/day4-speak/audio/int3b__unit01__07__i_am_in_sixth_grade.mp3 (32181 bytes)
wrote /workspace/day4-speak/audio/int3b__unit01__08__i_am_in_seventh_grade.mp3 (29256 bytes)
wrote /workspace/day4-speak/audio/int3b__unit01__09__i_am_in_eighth_grade.mp3 (30092 bytes)
wrote /workspace/day4-speak/audio/int3b__unit01__10__i_am_in_ninth_grade.mp3 (26330 bytes)
wrote /workspace/day4-speak/audio/int3b__unit02__01__it_is_a_guitar.mp3 (24658 bytes)
wrote /workspace/day4-speak/audio/int3b__unit02__02__it_is_a_piano.mp3 (21732 bytes)
wrote /workspace/day4-speak/audio/int3b__unit02__03__it_is_a_flute.mp3 (19643 bytes)
wrote /workspace/day4-speak/audio/int3b__unit02__04__it_is_a_drum.mp3 (21732 bytes)
wrote /workspace/day4-speak/audio/int3b__unit02__05__it_is_a_violin.mp3 (30092 bytes)
wrote /workspace/day4-speak/audio/int3b__unit02__07__it_is_a_microwave.mp3 (27166 bytes)
wrote /workspace/day4-speak/audio/int3b__unit02__06__it_is_a_saxophone.mp3 (27584 bytes)
wrote /workspace/day4-speak/audio/int3b__unit02__08__it_is_a_gayageum.mp3 (38033 bytes)
wrote /workspace/day4-speak/audio/int3b__unit02__09__it_is_a_cello.mp3 (21732 bytes)
progress 575/716 ok=575 skip=0 fail=0 0.55/s eta=4.3m
wrote /workspace/day4-speak/audio/int3b__unit02__10__it_is_a_ukulele.mp3 (24240 bytes)
wrote /workspace/day4-speak/audio/int3b__unit03__01__slower_please.mp3 (21732 bytes)
wrote /workspace/day4-speak/audio/int3b__unit03__02__warmer_please.mp3 (20479 bytes)
wrote /workspace/day4-speak/audio/int3b__unit03__03__louder_please.mp3 (26330 bytes)
wrote /workspace/day4-speak/audio/int3b__unit03__04__higher_please.mp3 (18807 bytes)
wrote /workspace/day4-speak/audio/int3b__unit03__05__cooler_please.mp3 (19643 bytes)
wrote /workspace/day4-speak/audio/int3b__unit03__06__smaller_please.mp3 (21732 bytes)
wrote /workspace/day4-speak/audio/int3b__unit03__07__more_please.mp3 (21732 bytes)
wrote /workspace/day4-speak/audio/int3b__unit03__08__less_please.mp3 (23404 bytes)
wrote /workspace/day4-speak/audio/int3b__unit03__10__louder_please.mp3 (24240 bytes)
wrote /workspace/day4-speak/audio/int3b__unit03__09__quieter_please.mp3 (24240 bytes)
wrote /workspace/day4-speak/audio/int3b__unit04__01__is_she_your_mom.mp3 (22568 bytes)
wrote /workspace/day4-speak/audio/int3b__unit04__02__is_she_your_aunt.mp3 (20897 bytes)
wrote /workspace/day4-speak/audio/int3b__unit04__03__she_is_my_grandmother.mp3 (26330 bytes)
wrote /workspace/day4-speak/audio/int3b__unit04__04__she_is_my_sister.mp3 (31346 bytes)
wrote /workspace/day4-speak/audio/int3b__unit04__07__is_he_your_brother.mp3 (18807 bytes)
wrote /workspace/day4-speak/audio/int3b__unit04__06__is_he_your_dad.mp3 (19643 bytes)
wrote /workspace/day4-speak/audio/int3b__unit04__05__she_is_my_teacher.mp3 (25494 bytes)
wrote /workspace/day4-speak/audio/int3b__unit04__08__he_is_my_grandfather.mp3 (27584 bytes)
wrote /workspace/day4-speak/audio/int3b__unit04__10__he_is_me.mp3 (24658 bytes)
wrote /workspace/day4-speak/audio/int3b__unit04__09__he_is_my_uncle.mp3 (26330 bytes)
wrote /workspace/day4-speak/audio/int3b__unit05__01__eat_up.mp3 (16717 bytes)
wrote /workspace/day4-speak/audio/int3b__unit05__02__wash_up.mp3 (15045 bytes)
wrote /workspace/day4-speak/audio/int3b__unit05__03__hurry_up.mp3 (15881 bytes)
wrote /workspace/day4-speak/audio/int3b__unit05__06__put_it_down.mp3 (19643 bytes)
progress 600/716 ok=600 skip=0 fail=0 0.57/s eta=3.4m
wrote /workspace/day4-speak/audio/int3b__unit05__05__slow_down.mp3 (21732 bytes)
wrote /workspace/day4-speak/audio/int3b__unit05__07__come_down.mp3 (20479 bytes)
wrote /workspace/day4-speak/audio/int3b__unit05__08__be_quiet.mp3 (17971 bytes)
wrote /workspace/day4-speak/audio/int3b__unit05__04__clean_up.mp3 (102817 bytes)
wrote /workspace/day4-speak/audio/int3b__unit05__09__give_up.mp3 (15045 bytes)
wrote /workspace/day4-speak/audio/int3b__unit05__10__cool_it_down.mp3 (19643 bytes)
wrote /workspace/day4-speak/audio/int3b__unit06__02__they_are_mangoes.mp3 (26330 bytes)
wrote /workspace/day4-speak/audio/int3b__unit06__01__they_are_apples.mp3 (53079 bytes)
wrote /workspace/day4-speak/audio/int3b__unit06__03__they_are_lychees.mp3 (24658 bytes)
wrote /workspace/day4-speak/audio/int3b__unit06__05__they_are_grapefruits.mp3 (26330 bytes)
wrote /workspace/day4-speak/audio/int3b__unit06__04__they_are_rambutans.mp3 (27166 bytes)
wrote /workspace/day4-speak/audio/int3b__unit06__06__they_are_mangosteens.mp3 (32181 bytes)
wrote /workspace/day4-speak/audio/int3b__unit06__07__they_are_durians.mp3 (42630 bytes)
wrote /workspace/day4-speak/audio/int3b__unit06__08__they_are_lemons.mp3 (20897 bytes)
wrote /workspace/day4-speak/audio/int3b__unit06__09__they_are_pineapples.mp3 (30092 bytes)
wrote /workspace/day4-speak/audio/int3b__unit06__10__they_are_avocados.mp3 (28420 bytes)
wrote /workspace/day4-speak/audio/int3b__unit07__02__don_t_forget_your_hat.mp3 (24658 bytes)
wrote /workspace/day4-speak/audio/int3b__unit07__01__don_t_forget_your_transit_card.mp3 (34271 bytes)
wrote /workspace/day4-speak/audio/int3b__unit07__03__don_t_forget_your_coat.mp3 (24658 bytes)
wrote /workspace/day4-speak/audio/int3b__unit07__04__don_t_forget_your_money.mp3 (25494 bytes)
wrote /workspace/day4-speak/audio/int3b__unit07__05__don_t_forget_your_phone.mp3 (26330 bytes)
wrote /workspace/day4-speak/audio/int3b__unit07__08__don_t_forget_your_little_sister.mp3 (29256 bytes)
wrote /workspace/day4-speak/audio/int3b__unit07__06__don_t_forget_your_backpack.mp3 (30092 bytes)
wrote /workspace/day4-speak/audio/int3b__unit07__09__don_t_forget_your_umbrella.mp3 (31346 bytes)
wrote /workspace/day4-speak/audio/int3b__unit07__07__don_t_forget_your_lunch.mp3 (27166 bytes)
progress 625/716 ok=625 skip=0 fail=0 0.58/s eta=2.6m
wrote /workspace/day4-speak/audio/int3b__unit07__10__don_t_forget_your_textbook.mp3 (30092 bytes)
wrote /workspace/day4-speak/audio/int3b__unit08__01__where_are_you_from.mp3 (22568 bytes)
wrote /workspace/day4-speak/audio/int3b__unit08__02__i_am_from_canada.mp3 (23404 bytes)
wrote /workspace/day4-speak/audio/int3b__unit08__03__how_tall_are_you.mp3 (19643 bytes)
wrote /workspace/day4-speak/audio/int3b__unit08__05__why_did_you_come_to_korea.mp3 (27166 bytes)
wrote /workspace/day4-speak/audio/int3b__unit08__04__i_am_187_centimeters_tall.mp3 (58095 bytes)
wrote /workspace/day4-speak/audio/int3b__unit08__06__i_came_to_teach_english.mp3 (27166 bytes)
wrote /workspace/day4-speak/audio/int3b__unit08__07__what_korean_food_do_you_like.mp3 (33853 bytes)
wrote /workspace/day4-speak/audio/int3b__unit08__08__i_like_gimbap.mp3 (26330 bytes)
wrote /workspace/day4-speak/audio/int3b__unit08__09__how_much_do_you_weigh.mp3 (21732 bytes)
wrote /workspace/day4-speak/audio/int3b__unit08__10__that_is_a_secret.mp3 (24240 bytes)
wrote /workspace/day4-speak/audio/int3c__unit01__01__do_you_like_sweet_food.mp3 (26330 bytes)
wrote /workspace/day4-speak/audio/int3c__unit01__02__try_ddeok.mp3 (39705 bytes)
wrote /workspace/day4-speak/audio/int3c__unit01__03__it_is_a_sticky_rice_dessert.mp3 (35107 bytes)
wrote /workspace/day4-speak/audio/int3c__unit01__04__do_you_like_salty_food.mp3 (28420 bytes)
wrote /workspace/day4-speak/audio/int3c__unit01__05__try_doenjang_guk.mp3 (33853 bytes)
wrote /workspace/day4-speak/audio/int3c__unit01__06__it_is_doenjang_jjigae.mp3 (31346 bytes)
wrote /workspace/day4-speak/audio/int3c__unit01__07__do_you_like_sour_food.mp3 (27584 bytes)
wrote /workspace/day4-speak/audio/int3c__unit01__09__what_is_it.mp3 (14209 bytes)
wrote /workspace/day4-speak/audio/int3c__unit01__08__try_this.mp3 (17553 bytes)
wrote /workspace/day4-speak/audio/int3c__unit01__10__i_don_t_know.mp3 (19643 bytes)
wrote /workspace/day4-speak/audio/int3c__unit02__01__don_t_run.mp3 (19643 bytes)
wrote /workspace/day4-speak/audio/int3c__unit02__02__don_t_yell.mp3 (19643 bytes)
wrote /workspace/day4-speak/audio/int3c__unit02__03__don_t_open_it.mp3 (19643 bytes)
wrote /workspace/day4-speak/audio/int3c__unit02__04__don_t_pull_it.mp3 (21732 bytes)
progress 650/716 ok=650 skip=0 fail=0 0.60/s eta=1.8m
wrote /workspace/day4-speak/audio/int3c__unit02__05__don_t_sleep.mp3 (19643 bytes)
wrote /workspace/day4-speak/audio/int3c__unit02__06__don_t_throw_that.mp3 (23404 bytes)
wrote /workspace/day4-speak/audio/int3c__unit02__07__don_t_burp_here.mp3 (23404 bytes)
wrote /workspace/day4-speak/audio/int3c__unit02__08__don_t_fight.mp3 (18807 bytes)
wrote /workspace/day4-speak/audio/int3c__unit02__09__don_t_touch.mp3 (19643 bytes)
wrote /workspace/day4-speak/audio/int3c__unit02__10__don_t_cry.mp3 (20897 bytes)
wrote /workspace/day4-speak/audio/int3c__unit03__01__can_i_wear_a_dress.mp3 (21732 bytes)
wrote /workspace/day4-speak/audio/int3c__unit03__02__can_i_wear_a_shirt.mp3 (21732 bytes)
wrote /workspace/day4-speak/audio/int3c__unit03__03__can_i_wear_pants.mp3 (22568 bytes)
wrote /workspace/day4-speak/audio/int3c__unit03__04__can_i_wear_socks.mp3 (21732 bytes)
wrote /workspace/day4-speak/audio/int3c__unit03__05__can_i_wear_a_coat.mp3 (21732 bytes)
wrote /workspace/day4-speak/audio/int3c__unit03__06__can_i_wear_gloves.mp3 (24658 bytes)
wrote /workspace/day4-speak/audio/int3c__unit03__10__can_i_wear_glasses.mp3 (21732 bytes)
wrote /workspace/day4-speak/audio/int3c__unit03__07__can_i_wear_shoes.mp3 (21732 bytes)
wrote /workspace/day4-speak/audio/int3c__unit03__09__can_i_wear_a_hat.mp3 (20479 bytes)
wrote /workspace/day4-speak/audio/int3c__unit03__08__can_i_wear_a_skirt.mp3 (21732 bytes)
wrote /workspace/day4-speak/audio/int3c__unit04__01__let_s_go_to_school.mp3 (20479 bytes)
wrote /workspace/day4-speak/audio/int3c__unit04__02__let_s_sing.mp3 (16717 bytes)
wrote /workspace/day4-speak/audio/int3c__unit04__03__let_s_play_soccer.mp3 (21732 bytes)
wrote /workspace/day4-speak/audio/int3c__unit04__04__let_s_climb_the_jungle_gym.mp3 (40541 bytes)
wrote /workspace/day4-speak/audio/int3c__unit04__05__let_s_watch_tv.mp3 (26330 bytes)
wrote /workspace/day4-speak/audio/int3c__unit04__06__let_s_cook.mp3 (17553 bytes)
wrote /workspace/day4-speak/audio/int3c__unit04__07__let_s_talk.mp3 (16717 bytes)
wrote /workspace/day4-speak/audio/int3c__unit04__08__let_s_ride_bikes.mp3 (25494 bytes)
wrote /workspace/day4-speak/audio/int3c__unit04__09__let_s_play_an_rpg.mp3 (30092 bytes)
progress 675/716 ok=675 skip=0 fail=0 0.61/s eta=1.1m
wrote /workspace/day4-speak/audio/int3c__unit04__10__let_s_study.mp3 (18807 bytes)
wrote /workspace/day4-speak/audio/int3c__unit05__03__i_have_a_pencil_case.mp3 (27166 bytes)
wrote /workspace/day4-speak/audio/int3c__unit05__01__i_have_a_pencil.mp3 (24658 bytes)
wrote /workspace/day4-speak/audio/int3c__unit05__02__i_have_a_hat.mp3 (19643 bytes)
wrote /workspace/day4-speak/audio/int3c__unit05__05__i_have_a_book.mp3 (21732 bytes)
wrote /workspace/day4-speak/audio/int3c__unit05__04__i_have_a_newspaper.mp3 (24240 bytes)
wrote /workspace/day4-speak/audio/int3c__unit05__06__i_have_a_puzzle.mp3 (20897 bytes)
wrote /workspace/day4-speak/audio/int3c__unit05__07__i_have_a_chessboard.mp3 (25494 bytes)
wrote /workspace/day4-speak/audio/int3c__unit05__08__i_have_a_phone.mp3 (19643 bytes)
wrote /workspace/day4-speak/audio/int3c__unit05__09__i_have_a_pillow.mp3 (21732 bytes)
wrote /workspace/day4-speak/audio/int3c__unit05__10__i_have_a_cup.mp3 (17971 bytes)
wrote /workspace/day4-speak/audio/int3c__unit06__01__how_many_cities_are_there.mp3 (27166 bytes)
wrote /workspace/day4-speak/audio/int3c__unit06__02__how_many_provinces_are_there.mp3 (28420 bytes)
wrote /workspace/day4-speak/audio/int3c__unit06__03__how_many_national_parks_are_there.mp3 (38033 bytes)
wrote /workspace/day4-speak/audio/int3c__unit06__04__how_many_islands_are_there.mp3 (29256 bytes)
wrote /workspace/day4-speak/audio/int3c__unit06__05__how_many_volcanoes_are_there.mp3 (30928 bytes)
wrote /workspace/day4-speak/audio/int3c__unit06__06__how_many_deserts_are_there.mp3 (30092 bytes)
wrote /workspace/day4-speak/audio/int3c__unit06__07__how_many_people_are_there.mp3 (30928 bytes)
wrote /workspace/day4-speak/audio/int3c__unit06__08__how_many_mountains_are_there.mp3 (27584 bytes)
wrote /workspace/day4-speak/audio/int3c__unit06__10__how_many_students_are_there.mp3 (27166 bytes)
wrote /workspace/day4-speak/audio/int3c__unit06__09__how_many_tigers_are_there.mp3 (29256 bytes)
wrote /workspace/day4-speak/audio/int3c__unit07__01__yes_i_can_dance.mp3 (32181 bytes)
wrote /workspace/day4-speak/audio/int3c__unit07__02__yes_i_can_jump.mp3 (35107 bytes)
wrote /workspace/day4-speak/audio/int3c__unit07__03__yes_i_can_sing.mp3 (37615 bytes)
wrote /workspace/day4-speak/audio/int3c__unit07__05__yes_i_can_type.mp3 (33853 bytes)
progress 700/716 ok=700 skip=0 fail=0 0.62/s eta=0.4m
wrote /workspace/day4-speak/audio/int3c__unit07__04__no_i_cannot_fight.mp3 (36779 bytes)
wrote /workspace/day4-speak/audio/int3c__unit07__06__yes_i_can_walk.mp3 (32181 bytes)
wrote /workspace/day4-speak/audio/int3c__unit07__07__yes_i_can_cook.mp3 (38033 bytes)
wrote /workspace/day4-speak/audio/int3c__unit07__08__no_i_cannot_fly.mp3 (47646 bytes)
wrote /workspace/day4-speak/audio/int3c__unit07__09__yes_i_can_love.mp3 (35107 bytes)
wrote /workspace/day4-speak/audio/int3c__unit07__10__yes_i_can_run.mp3 (35107 bytes)
wrote /workspace/day4-speak/audio/int3c__unit08__01__it_is_one_o_clock.mp3 (22568 bytes)
wrote /workspace/day4-speak/audio/int3c__unit08__02__it_is_five_o_clock.mp3 (22568 bytes)
wrote /workspace/day4-speak/audio/int3c__unit08__03__it_is_six_o_clock.mp3 (27166 bytes)
wrote /workspace/day4-speak/audio/int3c__unit08__05__it_is_eight_o_clock.mp3 (20897 bytes)
wrote /workspace/day4-speak/audio/int3c__unit08__04__it_is_seven_o_clock.mp3 (24240 bytes)
wrote /workspace/day4-speak/audio/int3c__unit08__06__it_is_nine_o_clock.mp3 (21732 bytes)
wrote /workspace/day4-speak/audio/int3c__unit08__07__it_is_ten_o_clock.mp3 (27584 bytes)
wrote /workspace/day4-speak/audio/int3c__unit08__08__it_is_eleven_o_clock.mp3 (29256 bytes)
wrote /workspace/day4-speak/audio/int3c__unit08__09__it_is_twelve_o_clock.mp3 (24658 bytes)
wrote /workspace/day4-speak/audio/int3c__unit08__10__it_is_two_o_clock.mp3 (30092 bytes)
{
  "ok": 716,
  "skip": 0,
  "fail": 0,
  "seconds": 1135.7
}
